  Determining projects to restore...
D:\Work\Work_CSharp\StartUp\FootballNews\Football247\Football247.Application\Football247.Application.csproj : warning NU1903: Package 'AutoMapper' 14.0.0 has a known high severity vulnerability, https://github.com/advisories/GHSA-rvv3-g6hj-g44x [D:\Work\Work_CSharp\StartUp\FootballNews\Football247\Football247.sln]
D:\Work\Work_CSharp\StartUp\FootballNews\Football247\Football247.Infrastructure\Football247.Infrastructure.csproj : warning NU1903: Package 'AutoMapper' 14.0.0 has a known high severity vulnerability, https://github.com/advisories/GHSA-rvv3-g6hj-g44x [D:\Work\Work_CSharp\StartUp\FootballNews\Football247\Football247.sln]
D:\Work\Work_CSharp\StartUp\FootballNews\Football247\Football247\Football247.Api.csproj : warning NU1903: Package 'AutoMapper' 14.0.0 has a known high severity vulnerability, https://github.com/advisories/GHSA-rvv3-g6hj-g44x [D:\Work\Work_CSharp\StartUp\FootballNews\Football247\Football247.sln]
D:\Work\Work_CSharp\StartUp\FootballNews\Football247\Football247\Football247.Api.csproj : error NU1605: Warning As Error: Detected package downgrade: Microsoft.AspNetCore.SignalR from 1.2.8 to 1.0.4. Reference the package directly from the project to select a different version.  [D:\Work\Work_CSharp\StartUp\FootballNews\Football247\Football247.sln]
D:\Work\Work_CSharp\StartUp\FootballNews\Football247\Football247\Football247.Api.csproj : error NU1605:  Football247.Api -> Football247.Application -> Microsoft.AspNetCore.SignalR (>= 1.2.8)  [D:\Work\Work_CSharp\StartUp\FootballNews\Football247\Football247.sln]
D:\Work\Work_CSharp\StartUp\FootballNews\Football247\Football247\Football247.Api.csproj : error NU1605:  Football247.Api -> Microsoft.AspNetCore.SignalR (>= 1.0.4) [D:\Work\Work_CSharp\StartUp\FootballNews\Football247\Football247.sln]
D:\Work\Work_CSharp\StartUp\FootballNews\Football247\Football247.UnitTests\Football247.UnitTests.csproj : error NU1605: Warning As Error: Detected package downgrade: Microsoft.AspNetCore.SignalR from 1.2.8 to 1.0.4. Reference the package directly from the project to select a different version.  [D:\Work\Work_CSharp\StartUp\FootballNews\Football247\Football247.sln]
D:\Work\Work_CSharp\StartUp\FootballNews\Football247\Football247.UnitTests\Football247.UnitTests.csproj : error NU1605:  Football247.UnitTests -> Football247.Api -> Football247.Application -> Microsoft.AspNetCore.SignalR (>= 1.2.8)  [D:\Work\Work_CSharp\StartUp\FootballNews\Football247\Football247.sln]
D:\Work\Work_CSharp\StartUp\FootballNews\Football247\Football247.UnitTests\Football247.UnitTests.csproj : error NU1605:  Football247.UnitTests -> Football247.Api -> Microsoft.AspNetCore.SignalR (>= 1.0.4) [D:\Work\Work_CSharp\StartUp\FootballNews\Football247\Football247.sln]
  Failed to restore D:\Work\Work_CSharp\StartUp\FootballNews\Football247\Football247.UnitTests\Football247.UnitTests.csproj (in 581 ms).
  Failed to restore D:\Work\Work_CSharp\StartUp\FootballNews\Football247\Football247\Football247.Api.csproj (in 581 ms).
  4 of 6 projects are up-to-date for restore.

Build FAILED.

D:\Work\Work_CSharp\StartUp\FootballNews\Football247\Football247.Application\Football247.Application.csproj : warning NU1903: Package 'AutoMapper' 14.0.0 has a known high severity vulnerability, https://github.com/advisories/GHSA-rvv3-g6hj-g44x [D:\Work\Work_CSharp\StartUp\FootballNews\Football247\Football247.sln]
D:\Work\Work_CSharp\StartUp\FootballNews\Football247\Football247.Infrastructure\Football247.Infrastructure.csproj : warning NU1903: Package 'AutoMapper' 14.0.0 has a known high severity vulnerability, https://github.com/advisories/GHSA-rvv3-g6hj-g44x [D:\Work\Work_CSharp\StartUp\FootballNews\Football247\Football247.sln]
D:\Work\Work_CSharp\StartUp\FootballNews\Football247\Football247\Football247.Api.csproj : warning NU1903: Package 'AutoMapper' 14.0.0 has a known high severity vulnerability, https://github.com/advisories/GHSA-rvv3-g6hj-g44x [D:\Work\Work_CSharp\StartUp\FootballNews\Football247\Football247.sln]
D:\Work\Work_CSharp\StartUp\FootballNews\Football247\Football247\Football247.Api.csproj : error NU1605: Warning As Error: Detected package downgrade: Microsoft.AspNetCore.SignalR from 1.2.8 to 1.0.4. Reference the package directly from the project to select a different version.  [D:\Work\Work_CSharp\StartUp\FootballNews\Football247\Football247.sln]
D:\Work\Work_CSharp\StartUp\FootballNews\Football247\Football247\Football247.Api.csproj : error NU1605:  Football247.Api -> Football247.Application -> Microsoft.AspNetCore.SignalR (>= 1.2.8)  [D:\Work\Work_CSharp\StartUp\FootballNews\Football247\Football247.sln]
D:\Work\Work_CSharp\StartUp\FootballNews\Football247\Football247\Football247.Api.csproj : error NU1605:  Football247.Api -> Microsoft.AspNetCore.SignalR (>= 1.0.4) [D:\Work\Work_CSharp\StartUp\FootballNews\Football247\Football247.sln]
D:\Work\Work_CSharp\StartUp\FootballNews\Football247\Football247.UnitTests\Football247.UnitTests.csproj : error NU1605: Warning As Error: Detected package downgrade: Microsoft.AspNetCore.SignalR from 1.2.8 to 1.0.4. Reference the package directly from the project to select a different version.  [D:\Work\Work_CSharp\StartUp\FootballNews\Football247\Football247.sln]
D:\Work\Work_CSharp\StartUp\FootballNews\Football247\Football247.UnitTests\Football247.UnitTests.csproj : error NU1605:  Football247.UnitTests -> Football247.Api -> Football247.Application -> Microsoft.AspNetCore.SignalR (>= 1.2.8)  [D:\Work\Work_CSharp\StartUp\FootballNews\Football247\Football247.sln]
D:\Work\Work_CSharp\StartUp\FootballNews\Football247\Football247.UnitTests\Football247.UnitTests.csproj : error NU1605:  Football247.UnitTests -> Football247.Api -> Microsoft.AspNetCore.SignalR (>= 1.0.4) [D:\Work\Work_CSharp\StartUp\FootballNews\Football247\Football247.sln]
    3 Warning(s)
    2 Error(s)

Time Elapsed 00:00:01.47
